C51 COMPILER V9.60.0.0   INT1                                                              08/13/2022 22:01:25 PAGE 1   


C51 COMPILER V9.60.0.0, COMPILATION OF MODULE INT1
OBJECT MODULE PLACED IN .\Output\INT1.obj
COMPILER INVOKED BY: C:\Keil_v5_8051\C51\BIN\C51.EXE ..\INT1.C OPTIMIZE(4,SPEED) BROWSE INCDIR(..\..\..\..\Library\Devic
                    -e\Include;..\..\..\..\Library\StdDriver\inc) DEFINE(FOSC_160000) DEBUG OBJECTEXTEND PRINT(.\LST\INT1.lst) TABS(2) OBJECT
                    -(.\Output\INT1.obj)

line level    source

   1          /*--------------------------------------------------------------------------------------------------------
             --*/
   2          /*                                                                                                        
             - */
   3          /* Copyright(c) 2020 nuvoton Technology Corp. All rights reserved.                                        
             - */
   4          /*                                                                                                        
             - */
   5          /*--------------------------------------------------------------------------------------------------------
             --*/
   6          
   7          /*********************************************************************************************************
             -**/
   8          /* Website: http://www.nuvoton.com                                                                        
             - */
   9          /*  E-Mail : MicroC-8bit@nuvoton.com                                                                      
             - */
  10          /*  Date   : June/21/2020                                                                                 
             -  */
  11          /*********************************************************************************************************
             -**/
  12          
  13          /*********************************************************************************************************
             -***/
  14          /*  File Function: MS51 INT1 extneranl interrupt demo                                                     
             -  */
  15          /*********************************************************************************************************
             -***/
  16          #include "MS51_8K.H"
  17          
  18          /* External pin interrupt INT0 subroutine */
  19          void INT0_ISR(void) interrupt 2          // Vector @  0x03
  20          {
  21   1          _push_(SFRS);
  22   1        
  23   1          clr_TCON_IE1;          //clr int flag wait next falling edge
  24   1      
  25   1          _pop_(SFRS);
  26   1      }
  27          
  28          void main (void) 
  29          {
  30   1          P17_QUASI_MODE;                      //setting INT0 pin P1.7 as Quasi mode with internal pull high  
  31   1          P17 = 1;
  32   1          INT1_LOW_LEVEL_TRIG;                //setting trig condition level or edge
  33   1          set_IE_EX1;                         //INT0_Enable;
  34   1          ENABLE_GLOBAL_INTERRUPT;            //Global interrupt enable
  35   1          while(1);
  36   1      }
  37          
  38          
  39          

C51 COMPILER V9.60.0.0   INT1                                                              08/13/2022 22:01:25 PAGE 2   


MODULE INFORMATION:   STATIC OVERLAYABLE
   CODE SIZE        =     43    ----
   CONSTANT SIZE    =   ----    ----
   XDATA SIZE       =   ----    ----
   PDATA SIZE       =   ----    ----
   DATA SIZE        =   ----    ----
   IDATA SIZE       =   ----    ----
   BIT SIZE         =   ----    ----
END OF MODULE INFORMATION.


C51 COMPILATION COMPLETE.  0 WARNING(S),  0 ERROR(S)
