C51 COMPILER V9.60.0.0   DELAY                                                             08/23/2022 23:28:06 PAGE 1   


C51 COMPILER V9.60.0.0, COMPILATION OF MODULE DELAY
OBJECT MODULE PLACED IN .\Output\delay.obj
COMPILER INVOKED BY: C:\Keil_v5_8051\C51\BIN\C51.EXE ..\..\..\..\Library\StdDriver\src\delay.c OPTIMIZE(7,SPEED) BROWSE 
                    -INCDIR(..\..\..\..\Library\Device\Include;..\..\..\..\Library\StdDriver\inc) DEBUG OBJECTEXTEND PRINT(.\LST\delay.lst) T
                    -ABS(2) OBJECT(.\Output\delay.obj)

line level    source

   1          /*--------------------------------------------------------------------------------------------------------
             --*/
   2          /*                                                                                                        
             - */
   3          /* Copyright(c) 2020 nuvoton Technology Corp. All rights reserved.                                        
             - */
   4          /*                                                                                                        
             - */
   5          /*--------------------------------------------------------------------------------------------------------
             --*/
   6          
   7          //********************************************************************************************************
             -***
   8          //  Website: http://www.nuvoton.com
   9          //  E-Mail : MicroC-8bit@nuvoton.com
  10          //********************************************************************************************************
             -***
  11          
  12          #include "MS51_16K.H"
  13          
  14           
  15          /**
  16            * @brief Timer0 delay setting 
  17            * @param[in] u32SYSCLK define Fsys clock value. for example 24000000, use the real Fsys value.
  18            *                       - \ref 24000000 (use HIRC 24MHz)
  19            *                       - \ref 16000000 (use HIRC 16MHz)
  20            * @param[in] u8CNT define count time.
  21            * @param[in] u6DLYUnit define delay time base is us. From 1~10000, the maxima value please not over 1000
             -0.
  22            *                       - \ref 1000 (1ms)
  23            *                       - \ref 100 (100us)
  24            * @return  None
  25            * @note    If use LIRC or LXT as Fsys need adjust this marco.
  26            * @exmaple :  Timer0_Delay(16000000,200,1000);
  27          */
  28          void Timer0_Delay(unsigned long u32SYSCLK, unsigned int u16CNT, unsigned int u16DLYUnit)
  29          {
  30   1            unsigned char TL0TMP, TH0TMP;
  31   1        
  32   1            TIMER0_FSYS_DIV12;                                  //T0M=0, Timer0 Clock = Fsys/12
  33   1            ENABLE_TIMER0_MODE1;                                   //Timer0 is 16-bit mode
  34   1            TL0TMP = LOBYTE(65535-((u32SYSCLK/1000000)*u16DLYUnit/12));
  35   1            TH0TMP = HIBYTE(65535-((u32SYSCLK/1000000)*u16DLYUnit/12));
  36   1        
  37   1          while (u16CNT != 0)
  38   1          {
  39   2            TL0=TL0TMP;
  40   2            TH0=TH0TMP;
  41   2            set_TCON_TR0;                                    //Start Timer0
  42   2            while (!TF0);                       //Check Timer0 Time-Out Flag
  43   2            clr_TCON_TF0;
  44   2            clr_TCON_TR0;                       //Stop Timer0
  45   2            u16CNT --;
C51 COMPILER V9.60.0.0   DELAY                                                             08/23/2022 23:28:06 PAGE 2   

  46   2          }
  47   1      //    clr_TCON_TR0;                                     //Stop Timer0
  48   1      }
  49          
  50          /**
  51            * @brief Timer1 delay setting 
  52            * @param[in] u32SYSCLK define Fsys clock value. for example 24000000, use the real Fsys value.
  53            *                       - \ref 24000000 (use HIRC)
  54            *                       - \ref 22118400 (use HXT)
  55            * @param[in] u8CNT define count time.
  56            * @param[in] u16DLYUnit define delay time base is us. From 1~10000, the maxima value please not over 100
             -00.
  57            *                       - \ref 1000 (1ms)
  58            *                       - \ref 100 (100us)
  59            * @return  None
  60            * @note    If use LIRC or LXT as Fsys need adjust this marco.
  61            * @exmaple :  Timer1_Delay(24000000,5,1000);
  62          */
  63          void Timer1_Delay(unsigned long u32SYSCLK, unsigned int u16CNT, unsigned int u16DLYUnit)
  64          {
  65   1          unsigned char TL1TMP,TH1TMP;
  66   1      
  67   1          TIMER1_FSYS_DIV12;                                 //T1M=0, Timer1 Clock = Fsys/12
  68   1          ENABLE_TIMER1_MODE1;                                //Timer1 is 16-bit mode
  69   1          TL1TMP = LOBYTE(65535-((u32SYSCLK/1000000)*u16DLYUnit)/12);
  70   1          TH1TMP = HIBYTE(65535-((u32SYSCLK/1000000)*u16DLYUnit)/12);
  71   1        
  72   1          while (u16CNT != 0)
  73   1          {
  74   2            TL1 = TL1TMP;
  75   2            TH1 = TH1TMP;
  76   2            set_TCON_TR1;                                //Start Timer1
  77   2            while (!TF1);                                //Check Timer1 Time-Out Flag
  78   2            clr_TCON_TF1;
  79   2            clr_TCON_TR1;
  80   2            u16CNT --;
  81   2          }
  82   1      }
  83          
  84          /**
  85            * @brief Timer2 delay setting 
  86            * @param[in] u32SYSCLK define Fsys clock value. for example 24000000, use the real Fsys value.
  87            *                       - \ref 24000000 (use HIRC)
  88            *                       - \ref 22118400 (use HXT for example)
  89            * @param[in] u16TMDIV define timer2 clock devider value from 1\4\16\32\64\128\256\512 detail check datas
             -heet T2MOD.
  90            *                       - \ref 512
  91            * @param[in] u16CNT define total count times.
  92            * @param[in] u6DLYUnit define delay time base is us. From 1~1000000, please consider the value with devi
             -der.
  93            *                       - \ref 1000 (1ms)
  94            *                       - \ref 100 (100us)
  95            * @return  None
  96            * @note    If use LIRC or LXT as Fsys need adjust this marco.
  97            * @exmaple :  Timer2_Delay(24000000,128,5,1000);
  98          */
  99          void Timer2_Delay(unsigned long u32SYSCLK,unsigned int u16TMDIV, unsigned int u16CNT, unsigned long u32DLY
             -Unit)
 100          {
 101   1          unsigned char TL2TMP,TH2TMP;
 102   1        
 103   1          SFRS = 0x00;
C51 COMPILER V9.60.0.0   DELAY                                                             08/23/2022 23:28:06 PAGE 3   

 104   1          switch (u16TMDIV)
 105   1          {
 106   2            case 1:T2MOD&=0x8F; break;
 107   2            case 4:T2MOD&=0x8F;T2MOD|=0x10; break;
 108   2            case 16:T2MOD&=0x8F;T2MOD|=0x20; break;
 109   2            case 32:T2MOD&=0x8F;T2MOD|=0x30; break;
 110   2            case 64:T2MOD&=0x8F;T2MOD|=0x40; break;
 111   2            case 128:T2MOD&=0x8F;T2MOD|=0x50; break;
 112   2            case 256:T2MOD&=0x8F;T2MOD|=0x60; break;
 113   2            case 512:T2MOD&=0x8F;T2MOD|=0x70; break;
 114   2          }
 115   1          clr_T2CON_CMRL2;                                  //Timer 2 as auto-reload mode
 116   1          set_T2MOD_LDEN;
 117   1          set_T2MOD_CMPCR;                                  //Timer 2 value is auto-cleared as 0000H when a comp
             -are match occurs.
 118   1          TL2TMP = LOBYTE(65536-((u32SYSCLK/1000000)*u32DLYUnit/u16TMDIV));
 119   1          TH2TMP = HIBYTE(65536-((u32SYSCLK/1000000)*u32DLYUnit/u16TMDIV));
 120   1          while (u16CNT != 0)
 121   1          {
 122   2            TL2 = TL2TMP;
 123   2            TH2 = TH2TMP;
 124   2            set_T2CON_TR2;                                    //Start Timer2
 125   2            while (TF2!=1);            //Check Timer2 Time-Out Flag
 126   2            clr_T2CON_TF2;
 127   2            clr_T2CON_TR2;                                    //Stop Timer2
 128   2            u16CNT --;
 129   2          }
 130   1      }
 131          /**
 132            * @brief Timer3 delay setting 
 133            * @param[in] u32SYSCLK define Fsys clock value. for example 24000000, use the real Fsys value.
 134            *                       - \ref 24000000 (use HIRC)
 135            *                       - \ref 22118400 (use HXT for example)
 136            * @param[in] u8TMDIV define timer2 clock devider value from 1\2\4\8\16\32\64\128 detail check datasheet 
             -T3MOD.
 137            *                       - \ref 512
 138            * @param[in] u16CNT define total count times.
 139            * @param[in] u32DLYUnit define delay time base is us. From 1~1000000, please consider the value with dev
             -ider.
 140            *                       - \ref 1000 (1ms)
 141            *                       - \ref 100 (100us)
 142            * @return  None
 143            * @note    If use LIRC or LXT as Fsys need adjust this marco.
 144            * @exmaple :  Timer3_Delay(24000000,16,5,1000);
 145          */
 146          void Timer3_Delay(unsigned long u32SYSCLK,unsigned char u8TMDIV, unsigned int u16CNT, unsigned long u32DLY
             -Unit)
 147          {
 148   1          unsigned char TL3TMP,TH3TMP;  
 149   1        
 150   1          SFRS = 0x00;
 151   1          switch (u8TMDIV)
 152   1          {
 153   2            case 1:T3CON&=0xF8; break;
 154   2            case 2:T3CON&=0xF8;T3CON|=0x01; break;
 155   2            case 4:T3CON&=0xF8;T3CON|=0x02; break;
 156   2            case 8:T3CON&=0xF8;T3CON|=0x03; break;
 157   2            case 16:T3CON&=0xF8;T3CON|=0x04; break;
 158   2            case 32:T3CON&=0xF8;T3CON|=0x05; break;
 159   2            case 64:T3CON&=0xF8;T3CON|=0x06; break;
 160   2            case 128:T3CON&=0xF8;T3CON|=0x07; break;
 161   2          }
C51 COMPILER V9.60.0.0   DELAY                                                             08/23/2022 23:28:06 PAGE 4   

 162   1          TL3TMP = LOBYTE(65536-((u32SYSCLK/1000000)*u32DLYUnit/u8TMDIV));
 163   1          TH3TMP = HIBYTE(65536-((u32SYSCLK/1000000)*u32DLYUnit/u8TMDIV));
 164   1          while (u16CNT != 0)
 165   1          {
 166   2            clr_T3CON_TF3;
 167   2            RL3 = TL3TMP;
 168   2            RH3 = TH3TMP;
 169   2            set_T3CON_TR3;                                    //Trigger Timer3
 170   2            while ((T3CON|CLR_BIT4)==CLR_BIT4);    //Check Timer3 Time-Out Flag
 171   2            clr_T3CON_TF3;
 172   2            clr_T3CON_TR3;                                    //Stop Timer3
 173   2            u16CNT --;
 174   2          }
 175   1      }
 176          
 177          
 178          //********************************************************************************************************
             -********  
 179          //**** Timer Interrupt enable setting  
 180          //**** 1. Delay value
 181          //**** 2. Define unit
 182          //**** For example: Timer3_Delay(5,UNIT_100US) = Delay 100us
 183          void Timer_Interrupt_Enable(unsigned char u8TM)
 184          {
 185   1          switch(u8TM)
 186   1          {
 187   2            case TIMER0: set_IE_ET0;break;
 188   2            case TIMER1: set_IE_ET1;break;
 189   2            case TIMER2: set_EIE_ET2;break;
 190   2            case TIMER3: set_EIE1_ET3;break;
 191   2          }
 192   1      }
 193          
 194          


MODULE INFORMATION:   STATIC OVERLAYABLE
   CODE SIZE        =   1023    ----
   CONSTANT SIZE    =   ----    ----
   XDATA SIZE       =   ----    ----
   PDATA SIZE       =   ----    ----
   DATA SIZE        =   ----      43
   IDATA SIZE       =   ----    ----
   BIT SIZE         =   ----    ----
END OF MODULE INFORMATION.


C51 COMPILATION COMPLETE.  0 WARNING(S),  0 ERROR(S)
