C51 COMPILER V9.60.0.0   WDT_RESET                                                         08/24/2022 00:32:07 PAGE 1   


C51 COMPILER V9.60.0.0, COMPILATION OF MODULE WDT_RESET
OBJECT MODULE PLACED IN .\Output\WDT_reset.obj
COMPILER INVOKED BY: C:\Keil_v5_8051\C51\BIN\C51.EXE ..\WDT_reset.c OPTIMIZE(7,SPEED) BROWSE INCDIR(..\..\..\..\Library\
                    -Device\Include;..\..\..\..\Library\StdDriver\inc) DEBUG OBJECTEXTEND PRINT(.\LST\WDT_reset.lst) TABS(2) OBJECT(.\Output\
                    -WDT_reset.obj)

line level    source

   1          /*--------------------------------------------------------------------------------------------------------
             --*/
   2          /*                                                                                                        
             - */
   3          /* Copyright(c) 2020 nuvoton Technology Corp. All rights reserved.                                        
             - */
   4          /*                                                                                                        
             - */
   5          /*--------------------------------------------------------------------------------------------------------
             --*/
   6          
   7          /*********************************************************************************************************
             -**/
   8          /* Website: http://www.nuvoton.com                                                                        
             - */
   9          /*  E-Mail : MicroC-8bit@nuvoton.com                                                                      
             - */
  10          /*  Date   : June/21/2020                                                                                 
             -  */
  11          /*********************************************************************************************************
             -**/
  12          
  13          /*********************************************************************************************************
             -***/
  14          /*  File Function: MS51 Watchdog reset disable by modify CONFIG setting demo                              
             -  */
  15          /*********************************************************************************************************
             -***/
  16          #include "MS51_16K.H"
  17          
  18          /***********************************************************************
  19          
  20          /*********************************************************************************************************
             -**/
  21          /*    Main function                                                                                       
             - */
  22          /*********************************************************************************************************
             -***/
  23          void main (void)
  24          {
  25   1          TA=0xAA;TA=0x55;WDCON|=0x07;                //Setting WDT prescale 
  26   1          set_WDCON_WDCLR;                            //Clear WDT timer
  27   1          while((WDCON|~SET_BIT6)==0xFF);             //confirm WDT clear is ok before into power down mode
  28   1          set_WDCON_WDTR;                             //WDT run
  29   1          Enable_WDT_Reset_Config();
  30   1          while (1)
  31   1          {
  32   2      
  33   2          }
  34   1      }


MODULE INFORMATION:   STATIC OVERLAYABLE
C51 COMPILER V9.60.0.0   WDT_RESET                                                         08/24/2022 00:32:07 PAGE 2   

   CODE SIZE        =     62    ----
   CONSTANT SIZE    =   ----    ----
   XDATA SIZE       =   ----    ----
   PDATA SIZE       =   ----    ----
   DATA SIZE        =   ----    ----
   IDATA SIZE       =   ----    ----
   BIT SIZE         =   ----    ----
END OF MODULE INFORMATION.


C51 COMPILATION COMPLETE.  0 WARNING(S),  0 ERROR(S)
