C51 COMPILER V9.60.0.0   CAPTURE                                                           08/14/2022 23:18:37 PAGE 1   


C51 COMPILER V9.60.0.0, COMPILATION OF MODULE CAPTURE
OBJECT MODULE PLACED IN .\Output\Capture.obj
COMPILER INVOKED BY: C:\Keil_v5_8051\C51\BIN\C51.EXE ..\Capture.c OPTIMIZE(8,SPEED) BROWSE INCDIR(..\..\..\..\Library\De
                    -vice\Include;..\..\..\..\Library\StdDriver\inc;..\..\Timer2_AutoReload_Capture) DEFINE(FOSC_160000) DEBUG OBJECTEXTEND P
                    -RINT(.\LST\Capture.lst) TABS(2) OBJECT(.\Output\Capture.obj)

line level    source

   1          /*--------------------------------------------------------------------------------------------------------
             --*/
   2          /*                                                                                                        
             - */
   3          /* Copyright(c) 2020 nuvoton Technology Corp. All rights reserved.                                        
             - */
   4          /*                                                                                                        
             - */
   5          /*--------------------------------------------------------------------------------------------------------
             --*/
   6          
   7          /*********************************************************************************************************
             -**/
   8          /* Website: http://www.nuvoton.com                                                                        
             - */
   9          /*  E-Mail : MicroC-8bit@nuvoton.com                                                                      
             - */
  10          /*  Date   : Jan/21/2020                                                                                  
             - */
  11          /*********************************************************************************************************
             -**/
  12          
  13          /*********************************************************************************************************
             -***/
  14          /*  File Function: MS51 Timer 2 capture function demo                                                     
             -  */
  15          //********************************************************************************************************
             -***/
  16          #include "MS51_16K.H"
  17          
  18          /*********************************************************************************************************
             -***/
  19          /*    Capture interrupt subroutine                                                                   */
  20          /*********************************************************************************************************
             -***/
  21          void Capture_ISR (void) interrupt 12
  22          {
  23   1          _push_(SFRS);
  24   1        
  25   1          clr_CAPCON0_CAPF0;                  /* clear capture0 interrupt flag  */
  26   1          P1 = C0L;                            /* For capture mode CxL/CxH with data capture from I/O pin*/
  27   1          P2 = C0H;                            
  28   1          clr_T2CON_TF2;
  29   1      
  30   1          _pop_(SFRS);
  31   1      }
  32          /*********************************************************************************************************
             -***/
  33          /*    Main function                                                                                       
             -  */
  34          /*********************************************************************************************************
             -***/
  35          void main (void)
C51 COMPILER V9.60.0.0   CAPTURE                                                           08/14/2022 23:18:37 PAGE 2   

  36          {
  37   1          ALL_GPIO_QUASI_MODE;
  38   1          P00_QUASI_MODE;
  39   1          P00 = 1;
  40   1      
  41   1          TIMER2_CAP2_Capture_Mode;
  42   1          IC3_P00_CAP3_BOTHEDGE_CAPTURE;
  43   1            
  44   1          set_EIE_ECAP;                        //Enable Capture interrupt
  45   1          set_T2CON_TR2;                       //Triger Timer2
  46   1          ENABLE_GLOBAL_INTERRUPT;
  47   1      
  48   1          while(1);
  49   1      }


MODULE INFORMATION:   STATIC OVERLAYABLE
   CODE SIZE        =    106    ----
   CONSTANT SIZE    =   ----    ----
   XDATA SIZE       =   ----    ----
   PDATA SIZE       =   ----    ----
   DATA SIZE        =   ----    ----
   IDATA SIZE       =   ----    ----
   BIT SIZE         =   ----    ----
END OF MODULE INFORMATION.


C51 COMPILATION COMPLETE.  0 WARNING(S),  0 ERROR(S)
